<p>look at my browser-compatibility</p><p>such options</p>
